../Core/Src/alt_main.cpp:27:6:void HAL_TIM_PeriodElapsedCallback(TIM_HandleTypeDef*)	16	static
../Core/Src/alt_main.cpp:63:6:void handleStartBuzzer()	8	static
../Core/Src/alt_main.cpp:76:6:void handleStopBuzzer()	8	static
../Core/Src/alt_main.cpp:81:6:void HAL_GPIO_EXTI_Rising_Callback(uint16_t)	16	static
../Core/Src/alt_main.cpp:106:6:void HAL_GPIO_EXTI_Falling_Callback(uint16_t)	16	static
../Core/Src/alt_main.cpp:115:6:void disableHotBlinkerInterrupt()	8	static
../Core/Src/alt_main.cpp:121:6:void enableHotBlinkerInterrupt()	8	static
../Core/Src/alt_main.cpp:126:5:int alt_main()	8	static
