../Core/Inc/log.hpp:46:5:Log::Log()	16	static
../Core/Src/Log.cpp:5:6:static Log& Log::getInstance()	8	static
../Core/Src/Log.cpp:10:8:size_t Log::getIndexPlusOffset(size_t) const	24	static
../Core/Src/Log.cpp:14:6:void Log::addEntry(LogEntry)	24	static
../Core/Src/Log.cpp:20:6:void Log::init()	24	static
../Core/Src/Log.cpp:33:6:bool Log::isLastEntryEmpty() const	24	static
../Core/Src/Log.cpp:40:6:bool Log::hasRungMoreThan(uint32_t) const	48	static
../Core/Src/Log.cpp:59:6:bool Log::hasRungMoreThanXinX(uint32_t, uint32_t) const	64	static
../Core/Src/Log.cpp:95:10:uint32_t getTimestamp()	48	static
../Core/Src/Log.cpp:104:10:uint32_t DateTimeToTimestamp(DateTime)	24	static
C:\ST\STM32CubeIDE_1.14.1\STM32CubeIDE\plugins\com.st.stm32cube.ide.mcu.externaltools.gnu-tools-for-stm32.11.3.rel1.win32_1.1.100.202309141235\tools\bin/../lib/gcc/arm-none-eabi/11.3.1/../../../../arm-none-eabi/include/c++/11.3.1/array:186:7:std::array<_Tp, _Nm>::value_type& std::array<_Tp, _Nm>::operator[](std::array<_Tp, _Nm>::size_type) [with _Tp = LogEntry; unsigned int _Nm = 100]	16	static
C:\ST\STM32CubeIDE_1.14.1\STM32CubeIDE\plugins\com.st.stm32cube.ide.mcu.externaltools.gnu-tools-for-stm32.11.3.rel1.win32_1.1.100.202309141235\tools\bin/../lib/gcc/arm-none-eabi/11.3.1/../../../../arm-none-eabi/include/c++/11.3.1/array:193:7:constexpr const value_type& std::array<_Tp, _Nm>::operator[](std::array<_Tp, _Nm>::size_type) const [with _Tp = LogEntry; unsigned int _Nm = 100]	16	static
C:\ST\STM32CubeIDE_1.14.1\STM32CubeIDE\plugins\com.st.stm32cube.ide.mcu.externaltools.gnu-tools-for-stm32.11.3.rel1.win32_1.1.100.202309141235\tools\bin/../lib/gcc/arm-none-eabi/11.3.1/../../../../arm-none-eabi/include/c++/11.3.1/array:56:7:static constexpr _Tp& std::__array_traits<_Tp, _Nm>::_S_ref(const _Tp (&)[_Nm], std::size_t) [with _Tp = LogEntry; unsigned int _Nm = 100]	16	static
