../Core/Src/alt_main.cpp:41:6:void HAL_TIM_PeriodElapsedCallback(TIM_HandleTypeDef*)	96	static
../Core/Src/alt_main.cpp:134:6:void HAL_GPIO_EXTI_Rising_Callback(uint16_t)	16	static
../Core/Src/alt_main.cpp:160:6:void HAL_GPIO_EXTI_Falling_Callback(uint16_t)	16	static
../Core/Src/alt_main.cpp:169:6:void disableHotBlinkerInterrupt()	8	static
../Core/Src/alt_main.cpp:175:6:void enableHotBlinkerInterrupt()	8	static
../Core/Src/alt_main.cpp:179:5:int alt_main()	24	static
../Core/Src/alt_main.cpp:220:1:void __static_initialization_and_destruction_0(int, int)	16	static
../Core/Src/alt_main.cpp:220:1:cpp)	8	static
